== step ["done" "jw" "--report" "reports/report.md"] rc=0
-- stdout
OK job=jw report=reports/report.md
-- stderr
<cmd>: warning: handoffkeep not found; report document not uploaded (job=jw)
== file inbox/jobs/jw/.wrk-events.lock mode=0644
== file inbox/jobs/jw/events/00001-job.claim.json mode=0644
{"created_at": "2026-09-21T00:00:00+00:00", "job_id": "jw", "kind": "job.claim", "payload": {"agent_label": "jw-label", "owner_lane": "owner-lane", "t_level": "T2"}, "seq": 1}
== file inbox/jobs/jw/events/00002-job.spawned.json mode=0644
{"created_at": "2026-09-21T00:00:01+00:00", "job_id": "jw", "kind": "job.spawned", "payload": {"label": "jw", "owner_lane": "x", "pane_id": "w3:p7"}, "seq": 2}
== file inbox/jobs/jw/events/00003-job.completed.json mode=0600
{"kind":"job.completed","job_id":"jw","owner_lane":"owner-lane","label":"jw-label","pane_id":"w3:p7","host":"fixture-host","report_path":"reports/report.md","report_last_line":"relative path report ","epoch":1,"report_sha256":"97643d3c017b10fac413b1da694a70ccf7be6f852a9422c8355290f29202d99f"}
== file reports/report.md mode=0644
relative path report
== socket
{"op":"emit","timeout_ms":2000,"kind":"job.completed","job_id":"jw","epoch":1,"owner_lane":"owner-lane","agent_label":"jw-label","label":"jw-label","host":"fixture-host","pane_id":"w3:p7","report_path":"reports/report.md","report_last_line":"relative path report ","inbox_root":"@ROOT@/inbox"}
