== step ["done" "jw" "--report" "@ROOT@/reports/report.md"] rc=0
-- stdout
OK job=jw report=@ROOT@/reports/report.md
-- stderr
<cmd>: warning: handoffkeep not found; report document not uploaded (job=jw)
<cmd>: warning: panewire emit failed (rc=2 job=jw kind=job.completed); relay event left as file only
== file inbox/jobs/jw/.wrk-events.lock mode=0644
== file inbox/jobs/jw/emit-failures.log mode=0644
<TS> kind=job.completed rc=2
== file inbox/jobs/jw/events/00001-job.claim.json mode=0644
{"created_at": "2026-09-21T00:00:00+00:00", "job_id": "jw", "kind": "job.claim", "payload": {"agent_label": "jw-label", "owner_lane": "owner-lane", "t_level": "T2"}, "seq": 1}
== file inbox/jobs/jw/events/00002-job.spawned.json mode=0644
{"created_at": "2026-09-21T00:00:01+00:00", "job_id": "jw", "kind": "job.spawned", "payload": {"label": "jw", "owner_lane": "x", "pane_id": "w3:p7"}, "seq": 2}
== file inbox/jobs/jw/events/00003-job.completed.json mode=0600
{"kind":"job.completed","job_id":"jw","owner_lane":"owner-lane","label":"jw-label","pane_id":"w3:p7","host":"fixture-host","report_path":"@ROOT@/reports/report.md","report_last_line":"rejected by daemon ","epoch":1,"report_sha256":"4de475ac6b8c179821a30528a2ec3dcd2c266bebf1df1b1a21389cfd4641f08c"}
== file reports/report.md mode=0644
rejected by daemon
== socket
{"op":"emit","timeout_ms":2000,"kind":"job.completed","job_id":"jw","epoch":1,"owner_lane":"owner-lane","agent_label":"jw-label","label":"jw-label","host":"fixture-host","pane_id":"w3:p7","report_path":"@ROOT@/reports/report.md","report_last_line":"rejected by daemon ","inbox_root":"@ROOT@/inbox"}
