== step ["escalate" "jb" "--question" "first"] rc=0
-- stdout
OK job=jb owner_lane=builder-lane kind=job.escalate
-- stderr
== step ["escalate" "jb" "--question" "second"] rc=0
-- stdout
OK job=jb owner_lane=builder-lane kind=job.escalate
-- stderr
== file inbox/jobs/jb/events/00001-job.claim.json mode=0644
{"created_at": "2026-09-21T00:00:00+00:00", "job_id": "jb", "kind": "job.claim", "payload": {"agent_label": "jb-label", "owner_lane": "builder-lane", "parent_lane": "parent-lane", "role": "builder", "t_level": "T2"}, "seq": 1}
== file inbox/jobs/jb/events/00002-job.spawned.json mode=0644
{"created_at": "2026-09-21T00:00:01+00:00", "job_id": "jb", "kind": "job.spawned", "payload": {"label": "jb", "owner_lane": "x", "pane_id": "w4:p2"}, "seq": 2}
== file inbox/jobs/jb/events/00003-job.escalate.json mode=0600
{"kind":"job.escalate","job_id":"jb","owner_lane":"builder-lane","label":"jb-label","pane_id":"w4:p2","host":"fixture-host","report_path":"","report_last_line":"","reason":"builder escalation","parent_lane":"parent-lane","epoch":1,"question":"first"}
== file inbox/jobs/jb/events/00004-job.escalate.json mode=0600
{"kind":"job.escalate","job_id":"jb","owner_lane":"builder-lane","label":"jb-label","pane_id":"w4:p2","host":"fixture-host","report_path":"","report_last_line":"","reason":"builder escalation","parent_lane":"parent-lane","epoch":1,"question":"second"}
== socket
{"op":"emit","timeout_ms":2000,"kind":"job.escalate","job_id":"jb","epoch":1,"owner_lane":"builder-lane","agent_label":"jb-label","label":"jb-label","host":"fixture-host","pane_id":"w4:p2","report_path":"@ROOT@/inbox/jobs/jb/events/00003-job.escalate.json","reason":"builder escalation","question":"first","inbox_root":"@ROOT@/inbox"}
== socket
{"op":"emit","timeout_ms":2000,"kind":"job.escalate","job_id":"jb","epoch":1,"owner_lane":"builder-lane","agent_label":"jb-label","label":"jb-label","host":"fixture-host","pane_id":"w4:p2","report_path":"@ROOT@/inbox/jobs/jb/events/00004-job.escalate.json","reason":"builder escalation","question":"second","inbox_root":"@ROOT@/inbox"}
